I'm sorry, but errors were detected in your script. Please correct the
errors listed below, and try again.


File "game/script.rpy", line 23: Line is followed by a block, despite not being a menu choice. Did you forget a colon at the end of the line?
    "Snooze the alarm"
                      ^

File "game/script.rpy", line 43: Line is followed by a block, despite not being a menu choice. Did you forget a colon at the end of the line?
    "Stay in bed"
                 ^

File "game/script.rpy", line 69: Line is followed by a block, despite not being a menu choice. Did you forget a colon at the end of the line?
    "Take the water"
                    ^

File "game/script.rpy", line 91: Line is followed by a block, despite not being a menu choice. Did you forget a colon at the end of the line?
    "Read the piece of paper"
                             ^

File "game/script.rpy", line 109: Line is followed by a block, despite not being a menu choice. Did you forget a colon at the end of the line?
    "stand up"
              ^

Ren'Py Version: Ren'Py 8.3.4.24120703
Mon Feb  3 13:32:14 2025
